// Jest Snapshot v1, https://goo.gl/fbAQLP

exports[`Renders correctly: FormGroup Renders correctly 1`] = `<div class="flex flex-row mb-3 justify-center"></div>`;
